
> frontend@0.0.0 build
> vite build

[36mvite v7.3.1 [32mbuilding client environment for production...[36m[39m
transforming...
[32mΓ£ô[39m 4 modules transformed.
node.exe : 
[31mΓ£ù[39m Build 
failed in 135ms
At line:1 char:1
+ & "C:\Program Files
\nodejs/node.exe" 
"C:\Program 
Files\nodejs/node_mo 
...
+ ~~~~~~~~~~~~~~~~~~~
~~~~~~~~~~~~~~~~~~~~~
~~~~~~~~~~~~~~~~~~~~~
~~~~~~~~
    + CategoryInfo   
           : NotSpe  
  cified: ([31mΓ£   
 ù[39m Build fai    
led in 135ms:Str    
ing) [], RemoteE    
xception
    + FullyQualified 
   ErrorId : Native  
  CommandError
 
[31merror during 
build:
[31mCould not 
resolve "./styles/glo
bal.css" from 
"src/main.jsx"[31m
file: [36mC:/Users/S
aras/Documents/freela
nce/Estate-repo/front
end/src/main.jsx[31m
    at 
getRollupError (file:
///C:/Users/Saras/Doc
uments/freelance/Esta
te-repo/frontend/node
_modules/rollup/dist/
es/shared/parseAst.js
:402:41)
    at error (file://
/C:/Users/Saras/Docum
ents/freelance/Estate
-repo/frontend/node_m
odules/rollup/dist/es
/shared/parseAst.js:3
98:42)
    at ModuleLoader.h
andleInvalidResolvedI
d (file:///C:/Users/S
aras/Documents/freela
nce/Estate-repo/front
end/node_modules/roll
up/dist/es/shared/nod
e-entry.js:21687:24)
    at file:///C:/Use
rs/Saras/Documents/fr
eelance/Estate-repo/f
rontend/node_modules/
rollup/dist/es/shared
/node-entry.js:21647:
26[39m
